{% load url from future %}

{# url_name is a template variable #}
Here is the URL, as requested: {% url url_name %}
